// Jest Snapshot v1, https://goo.gl/fbAQLP

exports[`tests InputText should match the snapshot 1`] = `
Object {
  "description": "Description InputText",
  "displayName": "InputText",
  "events": undefined,
  "exportName": "default",
  "methods": undefined,
  "props": Array [
    Object {
      "name": "question",
    },
    Object {
      "name": "placeholder",
    },
  ],
  "slots": undefined,
  "tags": Object {},
}
`;
